------------------------------------------------------------
TimeQuest Timing Analyzer Summary
------------------------------------------------------------

Type  : Slow 1200mV 85C Model Setup 'CLOCK_50'
Slack : -2.180
TNS   : -33.524

Type  : Slow 1200mV 85C Model Setup 'KEY[1]'
Slack : -1.861
TNS   : -1.861

Type  : Slow 1200mV 85C Model Setup 'Clock1Hz:B00|state'
Slack : -0.276
TNS   : -0.613

Type  : Slow 1200mV 85C Model Hold 'KEY[1]'
Slack : -0.527
TNS   : -0.527

Type  : Slow 1200mV 85C Model Hold 'Clock1Hz:B00|state'
Slack : 0.393
TNS   : 0.000

Type  : Slow 1200mV 85C Model Hold 'CLOCK_50'
Slack : 0.440
TNS   : 0.000

Type  : Slow 1200mV 85C Model Recovery 'CLOCK_50'
Slack : -3.541
TNS   : -78.774

Type  : Slow 1200mV 85C Model Recovery 'Clock1Hz:B00|state'
Slack : -1.475
TNS   : -5.900

Type  : Slow 1200mV 85C Model Removal 'Clock1Hz:B00|state'
Slack : -0.421
TNS   : -1.684

Type  : Slow 1200mV 85C Model Removal 'CLOCK_50'
Slack : 1.082
TNS   : 0.000

Type  : Slow 1200mV 85C Model Minimum Pulse Width 'CLOCK_50'
Slack : -3.000
TNS   : -40.500

Type  : Slow 1200mV 85C Model Minimum Pulse Width 'KEY[1]'
Slack : -3.000
TNS   : -3.000

Type  : Slow 1200mV 85C Model Minimum Pulse Width 'Clock1Hz:B00|state'
Slack : -1.500
TNS   : -6.000

Type  : Slow 1200mV 0C Model Setup 'CLOCK_50'
Slack : -1.847
TNS   : -27.527

Type  : Slow 1200mV 0C Model Setup 'KEY[1]'
Slack : -1.588
TNS   : -1.588

Type  : Slow 1200mV 0C Model Setup 'Clock1Hz:B00|state'
Slack : -0.158
TNS   : -0.258

Type  : Slow 1200mV 0C Model Hold 'KEY[1]'
Slack : -0.500
TNS   : -0.500

Type  : Slow 1200mV 0C Model Hold 'Clock1Hz:B00|state'
Slack : 0.346
TNS   : 0.000

Type  : Slow 1200mV 0C Model Hold 'CLOCK_50'
Slack : 0.387
TNS   : 0.000

Type  : Slow 1200mV 0C Model Recovery 'CLOCK_50'
Slack : -3.148
TNS   : -69.273

Type  : Slow 1200mV 0C Model Recovery 'Clock1Hz:B00|state'
Slack : -1.233
TNS   : -4.932

Type  : Slow 1200mV 0C Model Removal 'Clock1Hz:B00|state'
Slack : -0.316
TNS   : -1.264

Type  : Slow 1200mV 0C Model Removal 'CLOCK_50'
Slack : 1.031
TNS   : 0.000

Type  : Slow 1200mV 0C Model Minimum Pulse Width 'CLOCK_50'
Slack : -3.000
TNS   : -40.500

Type  : Slow 1200mV 0C Model Minimum Pulse Width 'KEY[1]'
Slack : -3.000
TNS   : -3.000

Type  : Slow 1200mV 0C Model Minimum Pulse Width 'Clock1Hz:B00|state'
Slack : -1.500
TNS   : -6.000

Type  : Fast 1200mV 0C Model Setup 'KEY[1]'
Slack : -0.575
TNS   : -0.575

Type  : Fast 1200mV 0C Model Setup 'CLOCK_50'
Slack : -0.570
TNS   : -5.120

Type  : Fast 1200mV 0C Model Setup 'Clock1Hz:B00|state'
Slack : 0.372
TNS   : 0.000

Type  : Fast 1200mV 0C Model Hold 'KEY[1]'
Slack : -0.331
TNS   : -0.331

Type  : Fast 1200mV 0C Model Hold 'Clock1Hz:B00|state'
Slack : 0.176
TNS   : 0.000

Type  : Fast 1200mV 0C Model Hold 'CLOCK_50'
Slack : 0.201
TNS   : 0.000

Type  : Fast 1200mV 0C Model Recovery 'CLOCK_50'
Slack : -1.307
TNS   : -27.174

Type  : Fast 1200mV 0C Model Recovery 'Clock1Hz:B00|state'
Slack : -0.216
TNS   : -0.864

Type  : Fast 1200mV 0C Model Removal 'Clock1Hz:B00|state'
Slack : -0.324
TNS   : -1.296

Type  : Fast 1200mV 0C Model Removal 'CLOCK_50'
Slack : 0.445
TNS   : 0.000

Type  : Fast 1200mV 0C Model Minimum Pulse Width 'CLOCK_50'
Slack : -3.000
TNS   : -28.000

Type  : Fast 1200mV 0C Model Minimum Pulse Width 'KEY[1]'
Slack : -3.000
TNS   : -3.024

Type  : Fast 1200mV 0C Model Minimum Pulse Width 'Clock1Hz:B00|state'
Slack : -1.000
TNS   : -4.000

------------------------------------------------------------
