------------------------------------------------------------
TimeQuest Timing Analyzer Summary
------------------------------------------------------------

Type  : Slow 1200mV 85C Model Setup 'KEY[1]'
Slack : -3.151
TNS   : -3.151

Type  : Slow 1200mV 85C Model Setup 'CLOCK_50'
Slack : -2.239
TNS   : -35.069

Type  : Slow 1200mV 85C Model Setup 'Clock1Hz:B00|state'
Slack : -0.207
TNS   : -0.414

Type  : Slow 1200mV 85C Model Hold 'KEY[1]'
Slack : -0.607
TNS   : -0.607

Type  : Slow 1200mV 85C Model Hold 'Clock1Hz:B00|state'
Slack : 0.395
TNS   : 0.000

Type  : Slow 1200mV 85C Model Hold 'CLOCK_50'
Slack : 0.440
TNS   : 0.000

Type  : Slow 1200mV 85C Model Recovery 'CLOCK_50'
Slack : -3.433
TNS   : -82.265

Type  : Slow 1200mV 85C Model Recovery 'Clock1Hz:B00|state'
Slack : -1.495
TNS   : -5.980

Type  : Slow 1200mV 85C Model Removal 'Clock1Hz:B00|state'
Slack : -0.417
TNS   : -1.668

Type  : Slow 1200mV 85C Model Removal 'CLOCK_50'
Slack : 0.592
TNS   : 0.000

Type  : Slow 1200mV 85C Model Minimum Pulse Width 'CLOCK_50'
Slack : -3.000
TNS   : -40.500

Type  : Slow 1200mV 85C Model Minimum Pulse Width 'KEY[1]'
Slack : -3.000
TNS   : -3.000

Type  : Slow 1200mV 85C Model Minimum Pulse Width 'Clock1Hz:B00|state'
Slack : -1.500
TNS   : -6.000

Type  : Slow 1200mV 0C Model Setup 'KEY[1]'
Slack : -2.739
TNS   : -2.739

Type  : Slow 1200mV 0C Model Setup 'CLOCK_50'
Slack : -1.906
TNS   : -28.958

Type  : Slow 1200mV 0C Model Setup 'Clock1Hz:B00|state'
Slack : -0.084
TNS   : -0.167

Type  : Slow 1200mV 0C Model Hold 'KEY[1]'
Slack : -0.574
TNS   : -0.574

Type  : Slow 1200mV 0C Model Hold 'Clock1Hz:B00|state'
Slack : 0.348
TNS   : 0.000

Type  : Slow 1200mV 0C Model Hold 'CLOCK_50'
Slack : 0.387
TNS   : 0.000

Type  : Slow 1200mV 0C Model Recovery 'CLOCK_50'
Slack : -3.049
TNS   : -73.172

Type  : Slow 1200mV 0C Model Recovery 'Clock1Hz:B00|state'
Slack : -1.254
TNS   : -5.016

Type  : Slow 1200mV 0C Model Removal 'Clock1Hz:B00|state'
Slack : -0.303
TNS   : -1.212

Type  : Slow 1200mV 0C Model Removal 'CLOCK_50'
Slack : 0.578
TNS   : 0.000

Type  : Slow 1200mV 0C Model Minimum Pulse Width 'CLOCK_50'
Slack : -3.000
TNS   : -40.500

Type  : Slow 1200mV 0C Model Minimum Pulse Width 'KEY[1]'
Slack : -3.000
TNS   : -3.000

Type  : Slow 1200mV 0C Model Minimum Pulse Width 'Clock1Hz:B00|state'
Slack : -1.500
TNS   : -6.000

Type  : Fast 1200mV 0C Model Setup 'KEY[1]'
Slack : -1.139
TNS   : -1.139

Type  : Fast 1200mV 0C Model Setup 'CLOCK_50'
Slack : -0.576
TNS   : -5.373

Type  : Fast 1200mV 0C Model Setup 'Clock1Hz:B00|state'
Slack : 0.404
TNS   : 0.000

Type  : Fast 1200mV 0C Model Hold 'KEY[1]'
Slack : -0.367
TNS   : -0.367

Type  : Fast 1200mV 0C Model Hold 'Clock1Hz:B00|state'
Slack : 0.178
TNS   : 0.000

Type  : Fast 1200mV 0C Model Hold 'CLOCK_50'
Slack : 0.201
TNS   : 0.000

Type  : Fast 1200mV 0C Model Recovery 'CLOCK_50'
Slack : -1.210
TNS   : -28.290

Type  : Fast 1200mV 0C Model Recovery 'Clock1Hz:B00|state'
Slack : -0.214
TNS   : -0.856

Type  : Fast 1200mV 0C Model Removal 'Clock1Hz:B00|state'
Slack : -0.345
TNS   : -1.380

Type  : Fast 1200mV 0C Model Removal 'CLOCK_50'
Slack : 0.192
TNS   : 0.000

Type  : Fast 1200mV 0C Model Minimum Pulse Width 'CLOCK_50'
Slack : -3.000
TNS   : -28.000

Type  : Fast 1200mV 0C Model Minimum Pulse Width 'KEY[1]'
Slack : -3.000
TNS   : -3.000

Type  : Fast 1200mV 0C Model Minimum Pulse Width 'Clock1Hz:B00|state'
Slack : -1.000
TNS   : -4.000

------------------------------------------------------------
